<testsuites id="" name="" tests="3" failures="1" skipped="0" errors="0" time="31.461162999999942">
<testsuite name="playwright/awx/access/organization.spec.ts" timestamp="2024-07-22T17:54:42.525Z" hostname="firefox" tests="1" failures="0" skipped="0" time="9.122" errors="0">
<testcase name="AWX Organization › should be able to create and delete an organization" classname="playwright/awx/access/organization.spec.ts" time="9.122">
</testcase>
</testsuite>
<testsuite name="playwright/awx/access/team.spec.ts" timestamp="2024-07-22T17:54:42.525Z" hostname="firefox" tests="1" failures="0" skipped="0" time="12.072" errors="0">
<testcase name="AWX Team › should be able to create and delete a team" classname="playwright/awx/access/team.spec.ts" time="12.072">
</testcase>
</testsuite>
<testsuite name="playwright/awx/project.spec.ts" timestamp="2024-07-22T17:54:42.525Z" hostname="firefox" tests="1" failures="1" skipped="0" time="30.008" errors="0">
<testcase name="AWX Project › should be able to create, sync, and delete a project" classname="playwright/awx/project.spec.ts" time="30.008">
<failure message="project.spec.ts:14:7 should be able to create, sync, and delete a project" type="FAILURE">
<![CDATA[  [firefox] › playwright/awx/project.spec.ts:14:7 › AWX Project › should be able to create, sync, and delete a project 

    Test timeout of 30000ms exceeded.

    Error: page.click: Test timeout of 30000ms exceeded.
    Call log:
      - waiting for locator('td').locator('a').locator('text=e2ey64hwg')


       at playwright/commands/common/clickTableRow.ts:4

      2 |
      3 | export async function clickTableRow(text: string, page: Page) {
    > 4 |   await page.click(`td >> a >> text=${text}`);
        |              ^
      5 | }
      6 |
      7 | export async function expectRowToContain(

        at clickTableRow (/Users/talton/ansible/ansible-ui/playwright/commands/common/clickTableRow.ts:4:14)
        at deleteAwxProject (/Users/talton/ansible/ansible-ui/playwright/commands/awx/deleteAwxProject.ts:18:22)
        at /Users/talton/ansible/ansible-ui/playwright/awx/project.spec.ts:25:5
]]>
</failure>
</testcase>
</testsuite>
</testsuites>